
c:\options-scanner>set DATE=07-31-2026 

c:\options-scanner>set ACTIVE=inputs\most-active-stock-options-07-31-2026.csv 

c:\options-scanner>set FLOW=inputs\options-flow-07-31-2026.csv 

c:\options-scanner>set DECOI=inputs\stocks-decrease-change-in-open-interest-07-31-2026.csv 

c:\options-scanner>set INCOI=inputs\stocks-increase-change-in-open-interest-07-31-2026.csv 

c:\options-scanner>set UNUSUAL=inputs\unusual-stock-options-activity-07-31-2026.csv 

c:\options-scanner>set OUT=outputs\flagged-07-31-2026.csv 

c:\options-scanner>if not exist "inputs\stocks-increase-change-in-open-interest-07-31-2026.csv" (
echo NOTE: inputs\stocks-increase-change-in-open-interest-07-31-2026.csv not found - skipping Signal 4 (Trend Conviction).  
 set INCOI_ARG= 
)  else (set INCOI_ARG=--incoi "inputs\stocks-increase-change-in-open-interest-07-31-2026.csv" ) 

c:\options-scanner>if not exist "inputs\unusual-stock-options-activity-07-31-2026.csv" (
echo NOTE: inputs\unusual-stock-options-activity-07-31-2026.csv not found - continuing without it, Vol/OI cross-check will be blank.  
 set UNUSUAL_ARG= 
)  else (set UNUSUAL_ARG=--unusual "inputs\unusual-stock-options-activity-07-31-2026.csv" ) 

c:\options-scanner>python analyze_flow.py --active "inputs\most-active-stock-options-07-31-2026.csv" --flow "inputs\options-flow-07-31-2026.csv" --decoi "inputs\stocks-decrease-change-in-open-interest-07-31-2026.csv" --incoi "inputs\stocks-increase-change-in-open-interest-07-31-2026.csv" --unusual "inputs\unusual-stock-options-activity-07-31-2026.csv" --out "outputs\flagged-07-31-2026.csv" 
Watchlist size (liquidity >= 10,000): 311 names
Signal 4 candidates (Trend Build): 28
Signal 3 candidates (Risk Revs): 0
Signal 2 candidates (Sweeps): 22
Signal 1 candidates (Panic): 9

[DIR     ] SYMBOL TYPE     STRIKE exp EXP_DATE   | SIGNAL | NOTE
------------------------------------------------------------------------------------------------------------------------
[BULLISH ] GOOGL  Call     410.00 exp 2026-09-18 | Signal 1 — Panic Covering | OI Chg -55,008 at 410.00 strike, underlying moved +6.73% same day
[BULLISH ] MSFT   Call     480.00 exp 2026-08-21 | Signal 1 — Panic Covering | OI Chg -47,108 at 480.00 strike, underlying moved +3.02% same day (+17 more strikes covering, total OI Chg -127,630)
[BEARISH ] IREN   Put       34.00 exp 2026-08-21 | Signal 1 — Panic Covering | OI Chg -5,122 at 34.00 strike, underlying moved -3.82% same day (+1 more strikes covering, total OI Chg -7,410)
[BULLISH ] AMZN   Call     275.00 exp 2026-11-20 | Signal 1 — Panic Covering | OI Chg -5,008 at 275.00 strike, underlying moved +15.32% same day (+4 more strikes covering, total OI Chg -13,575)
[BEARISH ] AAPL   Put      260.00 exp 2026-09-18 | Signal 1 — Panic Covering | OI Chg -3,687 at 260.00 strike, underlying moved -7.35% same day (+3 more strikes covering, total OI Chg -9,719)
[BEARISH ] SKHY   Put      125.00 exp 2026-08-07 | Signal 1 — Panic Covering | OI Chg -2,665 at 125.00 strike, underlying moved -3.54% same day
[BEARISH ] SPCX   Put      110.00 exp 2026-08-07 | Signal 1 — Panic Covering | OI Chg -2,151 at 110.00 strike, underlying moved -3.41% same day (+1 more strikes covering, total OI Chg -3,157)
[BULLISH ] BHC    Call       6.00 exp 2026-08-21 | Signal 1 — Panic Covering | OI Chg -1,963 at 6.00 strike, underlying moved +14.26% same day
[BULLISH ] BABA   Call     200.00 exp 2027-01-15 | Signal 1 — Panic Covering | OI Chg -1,259 at 200.00 strike, underlying moved +5.10% same day
[BEARISH ] CAR    Put         380 exp 2026-10-16 | Signal 2 — Naked Whale Sweep | Aggressive Sweep, BuyToOpen at ask, Premium $17,600,600
[BEARISH ] CAR    Put         650 exp 2026-09-18 | Signal 2 — Naked Whale Sweep | Aggressive Sweep, BuyToOpen at ask, Premium $16,760,500
[BEARISH ] MU     Put         820 exp 2026-08-28 | Signal 2 — Naked Whale Sweep | Aggressive Sweep, BuyToOpen at ask, Premium $7,252,200
[BULLISH ] SBUX   Call        105 exp 2027-01-15 | Signal 2 — Naked Whale Sweep | Aggressive Sweep, BuyToOpen at ask, Premium $6,825,000
[BULLISH ] INTC   Call         90 exp 2026-08-21 | Signal 2 — Naked Whale Sweep | Aggressive Sweep, BuyToOpen at ask, Premium $6,389,400
[BEARISH ] NFLX   Put         110 exp 2026-09-18 | Signal 2 — Naked Whale Sweep | Aggressive Sweep, BuyToOpen at ask, Premium $5,803,200
[BULLISH ] SNDK   Call       1340 exp 2026-08-28 | Signal 2 — Naked Whale Sweep | Aggressive Sweep, BuyToOpen at ask, Premium $5,376,100
[BEARISH ] CAR    Put         370 exp 2026-10-16 | Signal 2 — Naked Whale Sweep | Aggressive Sweep, BuyToOpen at ask, Premium $4,266,000
[BEARISH ] COHR   Put         240 exp 2026-08-14 | Signal 2 — Naked Whale Sweep | Aggressive Sweep, BuyToOpen at ask, Premium $3,422,600
[BEARISH ] COHR   Put         240 exp 2026-08-21 | Signal 2 — Naked Whale Sweep | Aggressive Sweep, BuyToOpen at ask, Premium $3,271,200
[BEARISH ] ORCL   Put         240 exp 2026-08-21 | Signal 2 — Naked Whale Sweep | Aggressive Sweep, BuyToOpen at ask, Premium $3,144,400
[BEARISH ] NFLX   Put         120 exp 2027-01-15 | Signal 2 — Naked Whale Sweep | Aggressive Sweep, BuyToOpen at ask, Premium $3,061,200
[BEARISH ] SNDK   Put        1110 exp 2026-08-28 | Signal 2 — Naked Whale Sweep | Aggressive Sweep, BuyToOpen at ask, Premium $2,701,300
[BULLISH ] GOOG   Call        375 exp 2026-08-28 | Signal 2 — Naked Whale Sweep | Aggressive Sweep, BuyToOpen at ask, Premium $2,700,000
[BEARISH ] HUT    Put         105 exp 2026-09-18 | Signal 2 — Naked Whale Sweep | Aggressive Sweep, BuyToOpen at ask, Premium $2,666,600
[BULLISH ] SHAZ   Call         50 exp 2027-01-15 | Signal 2 — Naked Whale Sweep | Aggressive Sweep, BuyToOpen at ask, Premium $2,540,000
[BULLISH ] SNDK   Call       1460 exp 2026-08-07 | Signal 2 — Naked Whale Sweep | Aggressive Sweep, BuyToOpen at ask, Premium $2,334,600
[BULLISH ] CRWV   Call        110 exp 2027-03-19 | Signal 2 — Naked Whale Sweep | Aggressive Sweep, BuyToOpen at ask, Premium $2,295,100
[BEARISH ] PDD    Put         135 exp 2026-09-18 | Signal 2 — Naked Whale Sweep | Aggressive Sweep, BuyToOpen at ask, Premium $2,210,300
[BEARISH ] NFLX   Put         140 exp 2027-01-15 | Signal 2 — Naked Whale Sweep | Aggressive Sweep, BuyToOpen at ask, Premium $2,110,500
[BEARISH ] QCOM   Put         140 exp 2026-11-20 | Signal 2 — Naked Whale Sweep | Aggressive Sweep, BuyToOpen at ask, Premium $2,101,100
[BULLISH ] FSLR   Call        230 exp 2026-08-21 | Signal 2 — Naked Whale Sweep | Aggressive Sweep, BuyToOpen at ask, Premium $1,805,000
[BULLISH ] AMZN   Call     240.00 exp 2026-11-20 | Signal 4 — Trend Conviction | OI Build +24,367 at 240.00 strike, underlying moved +15.32% (+41 additional strikes building, total OI Build +164,646) | Vol/OI 10.46
[BULLISH ] MSFT   Call     500.00 exp 2026-10-16 | Signal 4 — Trend Conviction | OI Build +17,698 at 500.00 strike, underlying moved +3.02% (+9 additional strikes building, total OI Build +36,234) | Vol/OI 3.57
[BULLISH ] PTEN   Call       9.00 exp 2027-01-15 | Signal 4 — Trend Conviction | OI Build +12,391 at 9.00 strike, underlying moved +6.40%
[BEARISH ] IREN   Put       31.00 exp 2026-08-07 | Signal 4 — Trend Conviction | OI Build +10,820 at 31.00 strike, underlying moved -3.82% (+4 additional strikes building, total OI Build +20,801) | Vol/OI 14.61
[BEARISH ] SPCX   Put       90.00 exp 2026-08-21 | Signal 4 — Trend Conviction | OI Build +10,418 at 90.00 strike, underlying moved -3.41% (+14 additional strikes building, total OI Build +58,190)
[BULLISH ] TLRY   Call       5.00 exp 2026-08-07 | Signal 4 — Trend Conviction | OI Build +6,730 at 5.00 strike, underlying moved +8.10% (+1 additional strikes building, total OI Build +7,859)
[BEARISH ] AAPL   Put      300.00 exp 2026-08-07 | Signal 4 — Trend Conviction | OI Build +6,273 at 300.00 strike, underlying moved -7.35% (+17 additional strikes building, total OI Build +44,578) | Vol/OI 4.47
[BEARISH ] MSTR   Put       84.00 exp 2026-08-07 | Signal 4 — Trend Conviction | OI Build +6,104 at 84.00 strike, underlying moved -4.56% (+7 additional strikes building, total OI Build +21,080) | Vol/OI 33.04
[BEARISH ] BTDR   Put        9.50 exp 2026-08-07 | Signal 4 — Trend Conviction | OI Build +4,720 at 9.50 strike, underlying moved -5.23% (+1 additional strikes building, total OI Build +5,780)
[BULLISH ] BABA   Call     130.00 exp 2026-09-18 | Signal 4 — Trend Conviction | OI Build +4,488 at 130.00 strike, underlying moved +5.10% (+9 additional strikes building, total OI Build +23,482)
[BULLISH ] GOOGL  Call     360.00 exp 2026-08-07 | Signal 4 — Trend Conviction | OI Build +4,230 at 360.00 strike, underlying moved +6.73% (+10 additional strikes building, total OI Build +21,166) | Vol/OI 3.48
[BEARISH ] HL     Put       14.00 exp 2026-09-18 | Signal 4 — Trend Conviction | OI Build +3,763 at 14.00 strike, underlying moved -5.43% | Vol/OI 1.76
[BULLISH ] PATH   Call      14.00 exp 2026-08-07 | Signal 4 — Trend Conviction | OI Build +2,717 at 14.00 strike, underlying moved +3.15% (+1 additional strikes building, total OI Build +4,721) | Vol/OI 3.89
[BULLISH ] NWL    Call       6.00 exp 2026-09-18 | Signal 4 — Trend Conviction | OI Build +2,523 at 6.00 strike, underlying moved +8.95% (+1 additional strikes building, total OI Build +3,631)
[BEARISH ] SKHY   Put      100.00 exp 2026-09-18 | Signal 4 — Trend Conviction | OI Build +2,349 at 100.00 strike, underlying moved -3.54% (+2 additional strikes building, total OI Build +4,807)
[BEARISH ] COIN   Put      140.00 exp 2026-08-07 | Signal 4 — Trend Conviction | OI Build +2,329 at 140.00 strike, underlying moved -10.59% (+1 additional strikes building, total OI Build +3,421) | Vol/OI 4.61
[BEARISH ] RIVN   Put       15.00 exp 2026-08-07 | Signal 4 — Trend Conviction | OI Build +2,322 at 15.00 strike, underlying moved -9.57% (+1 additional strikes building, total OI Build +4,294) | Vol/OI 1.4
[BULLISH ] META   Call     650.00 exp 2026-12-18 | Signal 4 — Trend Conviction | OI Build +2,009 at 650.00 strike, underlying moved +3.28% (+2 additional strikes building, total OI Build +4,188)
[BULLISH ] BHC    Call       7.00 exp 2026-09-18 | Signal 4 — Trend Conviction | OI Build +1,660 at 7.00 strike, underlying moved +14.26% | Vol/OI 2.5
[BEARISH ] MU     Put      600.00 exp 2026-08-07 | Signal 4 — Trend Conviction | OI Build +1,656 at 600.00 strike, underlying moved -5.90% (+2 additional strikes building, total OI Build +3,785) | Vol/OI 1.98
[BEARISH ] CAPR   Put        3.00 exp 2026-09-18 | Signal 4 — Trend Conviction | OI Build +1,653 at 3.00 strike, underlying moved -8.11% (+1 additional strikes building, total OI Build +3,193)
[BEARISH ] NVO    Put       45.00 exp 2026-10-16 | Signal 4 — Trend Conviction | OI Build +1,590 at 45.00 strike, underlying moved -8.78%
[BULLISH ] GOOG   Call     380.00 exp 2026-08-21 | Signal 4 — Trend Conviction | OI Build +1,539 at 380.00 strike, underlying moved +6.88% (+4 additional strikes building, total OI Build +6,685)
[BEARISH ] RDDT   Put      135.00 exp 2026-08-07 | Signal 4 — Trend Conviction | OI Build +1,475 at 135.00 strike, underlying moved -20.99% | Vol/OI 5.05
[BEARISH ] MARA   Put       10.00 exp 2026-08-07 | Signal 4 — Trend Conviction | OI Build +1,381 at 10.00 strike, underlying moved -4.23%
[BEARISH ] BMNR   Put       16.00 exp 2026-08-07 | Signal 4 — Trend Conviction | OI Build +1,301 at 16.00 strike, underlying moved -4.42% | Vol/OI 3.86
[BEARISH ] CORZ   Put       20.00 exp 2026-08-07 | Signal 4 — Trend Conviction | OI Build +1,252 at 20.00 strike, underlying moved -5.00% | Vol/OI 1.4
[BULLISH ] BIDU   Call     125.00 exp 2026-08-21 | Signal 4 — Trend Conviction | OI Build +1,236 at 125.00 strike, underlying moved +3.38% | Vol/OI 1.91

Wrote 59 candidates to outputs\flagged-07-31-2026.csv
